// Jest Snapshot v1, https://goo.gl/fbAQLP

exports[`typescript prettify succeeds if prettier is missing 1`] = `"export interface ITestInterface { a:string;b:string|number;c:string|number|boolean; }"`;
